Processing 88888888888888888 default request
127.0.0.1 - - [16/Aug/2020 12:03:36] "[35m[1mPOST /login HTTP/1.1[0m" 500 -
127.0.0.1 - - [16/Aug/2020 12:03:36] "[37mGET /login?__debugger__=yes&cmd=resource&f=jquery.js HTTP/1.1[0m" 200 -
127.0.0.1 - - [16/Aug/2020 12:03:36] "[37mGET /login?__debugger__=yes&cmd=resource&f=style.css HTTP/1.1[0m" 200 -
127.0.0.1 - - [16/Aug/2020 12:03:36] "[37mGET /login?__debugger__=yes&cmd=resource&f=debugger.js HTTP/1.1[0m" 200 -
127.0.0.1 - - [16/Aug/2020 12:03:37] "[37mGET /login?__debugger__=yes&cmd=resource&f=ubuntu.ttf HTTP/1.1[0m" 200 -
127.0.0.1 - - [16/Aug/2020 12:03:37] "[37mGET /login?__debugger__=yes&cmd=resource&f=console.png HTTP/1.1[0m" 200 -
Processing 88888888888888888 default request
127.0.0.1 - - [16/Aug/2020 12:16:24] "[32mPOST /login HTTP/1.1[0m" 302 -
 * Detected change in '/workspace/Coffee-CoastalView/app.py', reloading
Processing 88888888888888888 default request
127.0.0.1 - - [16/Aug/2020 12:17:30] "[32mPOST /login HTTP/1.1[0m" 302 -
 * Detected change in '/workspace/Coffee-CoastalView/app.py', reloading
Processing 88888888888888888 default request
127.0.0.1 - - [16/Aug/2020 12:19:51] "[35m[1mPOST /login HTTP/1.1[0m" 500 -
127.0.0.1 - - [16/Aug/2020 12:19:51] "[37mGET /login?__debugger__=yes&cmd=resource&f=style.css HTTP/1.1[0m" 200 -
127.0.0.1 - - [16/Aug/2020 12:19:51] "[37mGET /login?__debugger__=yes&cmd=resource&f=debugger.js HTTP/1.1[0m" 200 -
127.0.0.1 - - [16/Aug/2020 12:19:51] "[37mGET /login?__debugger__=yes&cmd=resource&f=jquery.js HTTP/1.1[0m" 200 -
127.0.0.1 - - [16/Aug/2020 12:19:52] "[37mGET /login?__debugger__=yes&cmd=resource&f=console.png HTTP/1.1[0m" 200 -
127.0.0.1 - - [16/Aug/2020 12:19:52] "[37mGET /login?__debugger__=yes&cmd=resource&f=ubuntu.ttf HTTP/1.1[0m" 200 -
 * Detected change in '/workspace/Coffee-CoastalView/app.py', reloading
Processing 88888888888888888 default request
127.0.0.1 - - [16/Aug/2020 12:20:16] "[35m[1mPOST /login HTTP/1.1[0m" 500 -
127.0.0.1 - - [16/Aug/2020 12:20:16] "[37mGET /login?__debugger__=yes&cmd=resource&f=jquery.js HTTP/1.1[0m" 200 -
127.0.0.1 - - [16/Aug/2020 12:20:16] "[37mGET /login?__debugger__=yes&cmd=resource&f=style.css HTTP/1.1[0m" 200 -
127.0.0.1 - - [16/Aug/2020 12:20:16] "[37mGET /login?__debugger__=yes&cmd=resource&f=debugger.js HTTP/1.1[0m" 200 -
127.0.0.1 - - [16/Aug/2020 12:20:17] "[37mGET /login?__debugger__=yes&cmd=resource&f=ubuntu.ttf HTTP/1.1[0m" 200 -
127.0.0.1 - - [16/Aug/2020 12:20:17] "[37mGET /login?__debugger__=yes&cmd=resource&f=console.png HTTP/1.1[0m" 200 -
 * Detected change in '/workspace/Coffee-CoastalView/app.py', reloading
Processing 88888888888888888 default request
127.0.0.1 - - [16/Aug/2020 12:20:52] "[32mPOST /login HTTP/1.1[0m" 302 -
127.0.0.1 - - [16/Aug/2020 12:23:01] "[33mGET /cafes.html HTTP/1.1[0m" 404 -
127.0.0.1 - - [16/Aug/2020 12:23:14] "[33mGET /cafes.html HTTP/1.1[0m" 404 -
Processing 88888888888888888 default request
127.0.0.1 - - [16/Aug/2020 16:06:36] "[32mPOST /login HTTP/1.1[0m" 302 -
 * Detected change in '/workspace/Coffee-CoastalView/app.py', reloading
Processing 88888888888888888 default request
127.0.0.1 - - [16/Aug/2020 16:08:01] "[32mPOST /login HTTP/1.1[0m" 302 -
 * Detected change in '/workspace/Coffee-CoastalView/app.py', reloading
Processing 88888888888888888 default request
127.0.0.1 - - [16/Aug/2020 16:13:05] "[37mPOST /login HTTP/1.1[0m" 200 -
 * Detected change in '/workspace/Coffee-CoastalView/app.py', reloading
Processing 88888888888888888 default request
127.0.0.1 - - [16/Aug/2020 16:14:45] "[37mPOST /login HTTP/1.1[0m" 200 -
 * Detected change in '/workspace/Coffee-CoastalView/app.py', reloading
